[debug] [2026-04-29T21:50:40.244Z] ----------------------------------------------------------------------
[debug] [2026-04-29T21:50:40.245Z] Command:       C:\Program Files\nodejs\node.exe C:\Users\Methum-PC\AppData\Roaming\npm\node_modules\firebase-tools\lib\bin\firebase.js projects:list
[debug] [2026-04-29T21:50:40.245Z] CLI Version:   15.0.0
[debug] [2026-04-29T21:50:40.245Z] Platform:      win32
[debug] [2026-04-29T21:50:40.245Z] Node Version:  v24.11.1
[debug] [2026-04-29T21:50:40.246Z] Time:          Thu Apr 30 2026 03:20:40 GMT+0530 (India Standard Time)
[debug] [2026-04-29T21:50:40.246Z] ----------------------------------------------------------------------
[debug] 
[debug] [2026-04-29T21:50:40.253Z] > command requires scopes: ["email","openid","https://www.googleapis.com/auth/cloudplatformprojects.readonly","https://www.googleapis.com/auth/firebase","https://www.googleapis.com/auth/cloud-platform"]
[debug] [2026-04-29T21:50:40.253Z] > authorizing via signed-in user (methum.edu@gmail.com)
[debug] [2026-04-29T21:50:40.255Z] Checked if tokens are valid: false, expires at: 1765643677246
[debug] [2026-04-29T21:50:40.255Z] Checked if tokens are valid: false, expires at: 1765643677246
[debug] [2026-04-29T21:50:40.255Z] > refreshing access token with scopes: []
[debug] [2026-04-29T21:50:40.257Z] >>> [apiv2][query] POST https://www.googleapis.com/oauth2/v3/token [none]
[debug] [2026-04-29T21:50:40.257Z] >>> [apiv2][body] POST https://www.googleapis.com/oauth2/v3/token [omitted]
[debug] [2026-04-29T21:50:40.411Z] <<< [apiv2][status] POST https://www.googleapis.com/oauth2/v3/token 400
[debug] [2026-04-29T21:50:40.411Z] <<< [apiv2][body] POST https://www.googleapis.com/oauth2/v3/token [omitted]
[debug] [2026-04-29T21:50:40.411Z] >>> [apiv2][query] GET https://firebase.googleapis.com/v1beta1/projects pageSize=1000
[debug] [2026-04-29T21:50:40.850Z] <<< [apiv2][status] GET https://firebase.googleapis.com/v1beta1/projects 401
[debug] [2026-04-29T21:50:40.850Z] <<< [apiv2][body] GET https://firebase.googleapis.com/v1beta1/projects [omitted]
[debug] [2026-04-29T21:50:40.850Z] Got a 401 Unauthenticated error for a call that required authentication. Refreshing tokens.
[debug] [2026-04-29T21:50:40.851Z] Checked if tokens are valid: false, expires at: 1765643677246
[debug] [2026-04-29T21:50:40.851Z] Checked if tokens are valid: false, expires at: 1765643677246
[debug] [2026-04-29T21:50:40.851Z] > refreshing access token with scopes: []
[debug] [2026-04-29T21:50:40.851Z] >>> [apiv2][query] POST https://www.googleapis.com/oauth2/v3/token [none]
[debug] [2026-04-29T21:50:40.851Z] >>> [apiv2][body] POST https://www.googleapis.com/oauth2/v3/token [omitted]
[debug] [2026-04-29T21:50:40.900Z] <<< [apiv2][status] POST https://www.googleapis.com/oauth2/v3/token 400
[debug] [2026-04-29T21:50:40.900Z] <<< [apiv2][body] POST https://www.googleapis.com/oauth2/v3/token [omitted]
[debug] [2026-04-29T21:50:40.901Z] Request to https://firebase.googleapis.com/v1beta1/projects?pageSize=1000 had HTTP Error: 401, Request had invalid authentication credentials. Expected OAuth 2 access token, login cookie or other valid authentication credential. See https://developers.google.com/identity/sign-in/web/devconsole-project.
[debug] [2026-04-29T21:50:41.023Z] FirebaseError: Request to https://firebase.googleapis.com/v1beta1/projects?pageSize=1000 had HTTP Error: 401, Request had invalid authentication credentials. Expected OAuth 2 access token, login cookie or other valid authentication credential. See https://developers.google.com/identity/sign-in/web/devconsole-project.
    at responseToError (C:\Users\Methum-PC\AppData\Roaming\npm\node_modules\firebase-tools\lib\responseToError.js:53:12)
    at RetryOperation._fn (C:\Users\Methum-PC\AppData\Roaming\npm\node_modules\firebase-tools\lib\apiv2.js:322:77)
    at process.processTicksAndRejections (node:internal/process/task_queues:103:5)
[error] 
[error] Error: Failed to list Firebase projects. See firebase-debug.log for more info.
